{
	"name": "javascript-no-types",
	"version": "1.0.0",
	"description": "package-javascript-no-types-test",
	"type": "module",
	"exports": {
		"./package.json": "./package.json",
		"./Test.svelte": "./Test.svelte",
		"./Test2.svelte": "./Test2.svelte",
		".": "./index.js"
	}
}
