{
	"name": "javascript",
	"version": "1.0.0",
	"description": "standard javascript package",
	"type": "module",
	"exports": {
		"./package.json": "./package.json",
		"./internal": "./internal/index.js",
		".": "./index.js"
	}
}
