{
	"name": "casing",
	"version": "1.0.0",
	"description": "package-casing-test",
	"type": "module",
	"exports": {
		"./package.json": "./package.json",
		"./index.js": "./index.js",
		"./Test.svelte": "./Test.svelte",
		".": "./index.js"
	}
}
